// 同步 ID: 8d993a9e @ Wed Jul 22 08:02:28 UTC 2026
// 同步 ID: a312ca5d @ Wed Jul 22 15:56:16 UTC 2026
// 重构日志: b953918b
// 同步 ID: df804f43 @ Sat Jul 25 15:48:41 UTC 2026
// 同步 ID: 09487ac8 @ Sun Jul 26 12:41:46 UTC 2026
// 同步 ID: 41d78187 @ Tue Jul 28 21:19:02 UTC 2026
// 重构日志: 379845df
// 同步 ID: 5eee8649 @ Thu Jul 30 10:25:02 UTC 2026
// 重构日志: 2b0989a6
// 重构日志: f515761b
// 同步 ID: bca4b601 @ Fri Jul 31 22:36:20 UTC 2026
// 重构日志: f954a3dd
// 同步 ID: 50e40dcb @ Sat Aug  1 08:16:59 UTC 2026
// 同步 ID: 92219e8c @ Sat Aug  1 12:21:00 UTC 2026
// 重构日志: 55b36a77
// 重构日志: eeb54b76
// 同步 ID: d6ea011f @ Wed Aug  5 02:41:24 UTC 2026
// 同步 ID: 705f0d09 @ Wed Aug  5 08:11:51 UTC 2026
// 重构日志: 7f78f62e
// 同步 ID: a811a1a7 @ Thu Aug  6 08:20:35 UTC 2026
// 同步 ID: 2e3f15ff @ Fri Aug  7 02:08:06 UTC 2026
// 同步 ID: b2cf1f04 @ Fri Aug  7 04:45:45 UTC 2026
// 同步 ID: 74aa4ab5 @ Fri Aug  7 08:07:45 UTC 2026
// 重构日志: 25f5344d
// 同步 ID: fc4ca857 @ Fri Aug  7 12:34:59 UTC 2026
// 同步 ID: 9f248372 @ Fri Aug  7 20:33:10 UTC 2026
// 同步 ID: 95bb8d5b @ Sat Aug  8 01:16:42 UTC 2026
// 重构日志: 4043aff9
// 同步 ID: fc01c232 @ Sat Aug  8 11:48:23 UTC 2026
// 同步 ID: 0250acee @ Sat Aug  8 14:03:10 UTC 2026
